mode: atomic
github.com/RasmusKebert/D7024E_Grupp6/internal/kademlia/bucket.go:14.26,18.2 3 266498
github.com/RasmusKebert/D7024E_Grupp6/internal/kademlia/bucket.go:22.51,24.55 2 1045
github.com/RasmusKebert/D7024E_Grupp6/internal/kademlia/bucket.go:24.55,27.34 2 169
github.com/RasmusKebert/D7024E_Grupp6/internal/kademlia/bucket.go:27.34,29.4 1 3
github.com/RasmusKebert/D7024E_Grupp6/internal/kademlia/bucket.go:32.2,32.20 1 1045
github.com/RasmusKebert/D7024E_Grupp6/internal/kademlia/bucket.go:32.20,33.37 1 1042
github.com/RasmusKebert/D7024E_Grupp6/internal/kademlia/bucket.go:33.37,35.4 1 1042
github.com/RasmusKebert/D7024E_Grupp6/internal/kademlia/bucket.go:36.8,38.3 1 3
github.com/RasmusKebert/D7024E_Grupp6/internal/kademlia/bucket.go:43.79,46.63 2 5121
github.com/RasmusKebert/D7024E_Grupp6/internal/kademlia/bucket.go:46.63,50.3 3 26
github.com/RasmusKebert/D7024E_Grupp6/internal/kademlia/bucket.go:52.2,52.17 1 5121
github.com/RasmusKebert/D7024E_Grupp6/internal/kademlia/bucket.go:56.33,58.2 1 3
github.com/RasmusKebert/D7024E_Grupp6/internal/kademlia/contact.go:17.57,19.2 1 1070
github.com/RasmusKebert/D7024E_Grupp6/internal/kademlia/contact.go:23.58,25.2 1 41
github.com/RasmusKebert/D7024E_Grupp6/internal/kademlia/contact.go:28.58,30.2 1 45
github.com/RasmusKebert/D7024E_Grupp6/internal/kademlia/contact.go:33.41,35.2 1 6
github.com/RasmusKebert/D7024E_Grupp6/internal/kademlia/contact.go:44.65,46.2 1 5131
github.com/RasmusKebert/D7024E_Grupp6/internal/kademlia/contact.go:49.71,51.2 1 24
github.com/RasmusKebert/D7024E_Grupp6/internal/kademlia/contact.go:54.45,56.2 1 32
github.com/RasmusKebert/D7024E_Grupp6/internal/kademlia/contact.go:59.48,61.2 1 5165
github.com/RasmusKebert/D7024E_Grupp6/internal/kademlia/contact.go:65.53,67.2 1 18
github.com/RasmusKebert/D7024E_Grupp6/internal/kademlia/contact.go:71.58,73.2 1 45
github.com/RasmusKebert/D7024E_Grupp6/internal/kademlia/kademlia.go:20.56,22.2 1 1003
github.com/RasmusKebert/D7024E_Grupp6/internal/kademlia/kademlia.go:24.77,26.37 1 8
github.com/RasmusKebert/D7024E_Grupp6/internal/kademlia/kademlia.go:26.37,28.3 1 4
github.com/RasmusKebert/D7024E_Grupp6/internal/kademlia/kademlia.go:30.2,37.6 5 4
github.com/RasmusKebert/D7024E_Grupp6/internal/kademlia/kademlia.go:37.6,39.22 2 13
github.com/RasmusKebert/D7024E_Grupp6/internal/kademlia/kademlia.go:39.22,40.9 1 1
github.com/RasmusKebert/D7024E_Grupp6/internal/kademlia/kademlia.go:42.3,43.49 2 12
github.com/RasmusKebert/D7024E_Grupp6/internal/kademlia/kademlia.go:43.49,45.4 1 33
github.com/RasmusKebert/D7024E_Grupp6/internal/kademlia/kademlia.go:47.3,48.17 2 12
github.com/RasmusKebert/D7024E_Grupp6/internal/kademlia/kademlia.go:48.17,50.4 1 0
github.com/RasmusKebert/D7024E_Grupp6/internal/kademlia/kademlia.go:52.3,52.34 1 12
github.com/RasmusKebert/D7024E_Grupp6/internal/kademlia/kademlia.go:52.34,54.35 2 12
github.com/RasmusKebert/D7024E_Grupp6/internal/kademlia/kademlia.go:54.35,56.5 1 10
github.com/RasmusKebert/D7024E_Grupp6/internal/kademlia/kademlia.go:59.3,60.16 2 12
github.com/RasmusKebert/D7024E_Grupp6/internal/kademlia/kademlia.go:60.16,61.50 1 3
github.com/RasmusKebert/D7024E_Grupp6/internal/kademlia/kademlia.go:61.50,62.40 1 12
github.com/RasmusKebert/D7024E_Grupp6/internal/kademlia/kademlia.go:62.40,64.11 2 0
github.com/RasmusKebert/D7024E_Grupp6/internal/kademlia/kademlia.go:69.3,69.16 1 12
github.com/RasmusKebert/D7024E_Grupp6/internal/kademlia/kademlia.go:69.16,70.9 1 3
github.com/RasmusKebert/D7024E_Grupp6/internal/kademlia/kademlia.go:74.2,74.33 1 4
github.com/RasmusKebert/D7024E_Grupp6/internal/kademlia/kademlia.go:77.67,78.80 1 1
github.com/RasmusKebert/D7024E_Grupp6/internal/kademlia/kademlia.go:78.80,80.3 1 0
github.com/RasmusKebert/D7024E_Grupp6/internal/kademlia/kademlia.go:82.2,83.21 2 1
github.com/RasmusKebert/D7024E_Grupp6/internal/kademlia/kademlia.go:83.21,85.3 1 0
github.com/RasmusKebert/D7024E_Grupp6/internal/kademlia/kademlia.go:87.2,87.55 1 1
github.com/RasmusKebert/D7024E_Grupp6/internal/kademlia/kademlia.go:87.55,90.3 1 0
github.com/RasmusKebert/D7024E_Grupp6/internal/kademlia/kademlia.go:92.2,96.6 4 1
github.com/RasmusKebert/D7024E_Grupp6/internal/kademlia/kademlia.go:96.6,98.22 2 1
github.com/RasmusKebert/D7024E_Grupp6/internal/kademlia/kademlia.go:98.22,100.4 1 0
github.com/RasmusKebert/D7024E_Grupp6/internal/kademlia/kademlia.go:102.3,103.17 2 1
github.com/RasmusKebert/D7024E_Grupp6/internal/kademlia/kademlia.go:103.17,105.4 1 0
github.com/RasmusKebert/D7024E_Grupp6/internal/kademlia/kademlia.go:106.3,106.34 1 1
github.com/RasmusKebert/D7024E_Grupp6/internal/kademlia/kademlia.go:106.34,107.20 1 1
github.com/RasmusKebert/D7024E_Grupp6/internal/kademlia/kademlia.go:107.20,109.5 1 1
github.com/RasmusKebert/D7024E_Grupp6/internal/kademlia/kademlia.go:110.4,110.44 1 0
github.com/RasmusKebert/D7024E_Grupp6/internal/kademlia/kademlia.go:110.44,112.5 1 0
github.com/RasmusKebert/D7024E_Grupp6/internal/kademlia/kademlia.go:117.52,118.80 1 1
github.com/RasmusKebert/D7024E_Grupp6/internal/kademlia/kademlia.go:118.80,120.3 1 0
github.com/RasmusKebert/D7024E_Grupp6/internal/kademlia/kademlia.go:122.2,125.16 4 1
github.com/RasmusKebert/D7024E_Grupp6/internal/kademlia/kademlia.go:125.16,127.3 1 0
github.com/RasmusKebert/D7024E_Grupp6/internal/kademlia/kademlia.go:130.2,135.67 5 1
github.com/RasmusKebert/D7024E_Grupp6/internal/kademlia/kademlia.go:135.67,136.45 1 1
github.com/RasmusKebert/D7024E_Grupp6/internal/kademlia/kademlia.go:136.45,137.28 1 1
github.com/RasmusKebert/D7024E_Grupp6/internal/kademlia/kademlia.go:137.28,139.5 1 1
github.com/RasmusKebert/D7024E_Grupp6/internal/kademlia/kademlia.go:140.4,141.12 2 1
github.com/RasmusKebert/D7024E_Grupp6/internal/kademlia/kademlia.go:143.3,143.85 1 0
github.com/RasmusKebert/D7024E_Grupp6/internal/kademlia/kademlia.go:143.85,145.4 1 0
github.com/RasmusKebert/D7024E_Grupp6/internal/kademlia/kademlia.go:147.2,147.17 1 1
github.com/RasmusKebert/D7024E_Grupp6/internal/kademlia/kademlia.go:154.97,156.48 2 16
github.com/RasmusKebert/D7024E_Grupp6/internal/kademlia/kademlia.go:156.48,157.38 1 38
github.com/RasmusKebert/D7024E_Grupp6/internal/kademlia/kademlia.go:157.38,160.27 3 14
github.com/RasmusKebert/D7024E_Grupp6/internal/kademlia/kademlia.go:160.27,161.10 1 1
github.com/RasmusKebert/D7024E_Grupp6/internal/kademlia/kademlia.go:165.2,165.14 1 16
github.com/RasmusKebert/D7024E_Grupp6/internal/kademlia/kademlia.go:169.95,179.32 6 13
github.com/RasmusKebert/D7024E_Grupp6/internal/kademlia/kademlia.go:179.32,180.35 1 13
github.com/RasmusKebert/D7024E_Grupp6/internal/kademlia/kademlia.go:180.35,183.18 3 13
github.com/RasmusKebert/D7024E_Grupp6/internal/kademlia/kademlia.go:183.18,186.5 2 1
github.com/RasmusKebert/D7024E_Grupp6/internal/kademlia/kademlia.go:187.4,190.18 1 12
github.com/RasmusKebert/D7024E_Grupp6/internal/kademlia/kademlia.go:194.2,195.9 2 13
github.com/RasmusKebert/D7024E_Grupp6/internal/kademlia/kademlia.go:196.22,197.18 1 1
github.com/RasmusKebert/D7024E_Grupp6/internal/kademlia/kademlia.go:198.10,198.10 0 12
github.com/RasmusKebert/D7024E_Grupp6/internal/kademlia/kademlia.go:201.2,201.34 1 12
github.com/RasmusKebert/D7024E_Grupp6/internal/kademlia/kademlia.go:201.34,202.10 1 12
github.com/RasmusKebert/D7024E_Grupp6/internal/kademlia/kademlia.go:203.23,204.19 1 0
github.com/RasmusKebert/D7024E_Grupp6/internal/kademlia/kademlia.go:205.29,206.43 1 12
github.com/RasmusKebert/D7024E_Grupp6/internal/kademlia/kademlia.go:210.2,210.21 1 12
github.com/RasmusKebert/D7024E_Grupp6/internal/kademlia/kademlia.go:219.105,229.32 6 1
github.com/RasmusKebert/D7024E_Grupp6/internal/kademlia/kademlia.go:229.32,230.35 1 1
github.com/RasmusKebert/D7024E_Grupp6/internal/kademlia/kademlia.go:230.35,233.18 3 1
github.com/RasmusKebert/D7024E_Grupp6/internal/kademlia/kademlia.go:233.18,236.5 2 0
github.com/RasmusKebert/D7024E_Grupp6/internal/kademlia/kademlia.go:237.4,240.73 1 1
github.com/RasmusKebert/D7024E_Grupp6/internal/kademlia/kademlia.go:243.2,244.9 2 1
github.com/RasmusKebert/D7024E_Grupp6/internal/kademlia/kademlia.go:245.22,246.18 1 0
github.com/RasmusKebert/D7024E_Grupp6/internal/kademlia/kademlia.go:247.10,247.10 0 1
github.com/RasmusKebert/D7024E_Grupp6/internal/kademlia/kademlia.go:250.2,250.34 1 1
github.com/RasmusKebert/D7024E_Grupp6/internal/kademlia/kademlia.go:250.34,251.10 1 1
github.com/RasmusKebert/D7024E_Grupp6/internal/kademlia/kademlia.go:252.23,253.19 1 0
github.com/RasmusKebert/D7024E_Grupp6/internal/kademlia/kademlia.go:254.29,255.41 1 1
github.com/RasmusKebert/D7024E_Grupp6/internal/kademlia/kademlia.go:258.2,258.21 1 1
github.com/RasmusKebert/D7024E_Grupp6/internal/kademlia/kademlia.go:267.3,268.26 1 14
github.com/RasmusKebert/D7024E_Grupp6/internal/kademlia/kademlia.go:268.26,270.3 1 1
github.com/RasmusKebert/D7024E_Grupp6/internal/kademlia/kademlia.go:272.2,274.48 2 13
github.com/RasmusKebert/D7024E_Grupp6/internal/kademlia/kademlia.go:274.48,275.41 1 27
github.com/RasmusKebert/D7024E_Grupp6/internal/kademlia/kademlia.go:275.41,277.4 1 2
github.com/RasmusKebert/D7024E_Grupp6/internal/kademlia/kademlia.go:280.2,284.30 3 11
github.com/RasmusKebert/D7024E_Grupp6/internal/kademlia/kademlia.go:284.30,286.3 1 1
github.com/RasmusKebert/D7024E_Grupp6/internal/kademlia/kademlia.go:290.64,291.23 1 13
github.com/RasmusKebert/D7024E_Grupp6/internal/kademlia/kademlia.go:291.23,293.3 1 0
github.com/RasmusKebert/D7024E_Grupp6/internal/kademlia/kademlia.go:294.2,296.86 2 13
github.com/RasmusKebert/D7024E_Grupp6/internal/kademlia/kademlia.go:299.68,300.18 1 2041
github.com/RasmusKebert/D7024E_Grupp6/internal/kademlia/kademlia.go:301.14,302.34 1 1001
github.com/RasmusKebert/D7024E_Grupp6/internal/kademlia/kademlia.go:304.19,305.41 1 13
github.com/RasmusKebert/D7024E_Grupp6/internal/kademlia/kademlia.go:307.20,308.40 1 4
github.com/RasmusKebert/D7024E_Grupp6/internal/kademlia/kademlia.go:310.21,312.13 2 1001
github.com/RasmusKebert/D7024E_Grupp6/internal/kademlia/kademlia.go:314.28,316.13 2 14
github.com/RasmusKebert/D7024E_Grupp6/internal/kademlia/kademlia.go:318.29,320.13 2 4
github.com/RasmusKebert/D7024E_Grupp6/internal/kademlia/kademlia.go:322.15,323.35 1 2
github.com/RasmusKebert/D7024E_Grupp6/internal/kademlia/kademlia.go:325.24,327.13 2 1
github.com/RasmusKebert/D7024E_Grupp6/internal/kademlia/kademlia.go:329.21,331.13 2 1
github.com/RasmusKebert/D7024E_Grupp6/internal/kademlia/kademlia.go:333.2,333.51 1 0
github.com/RasmusKebert/D7024E_Grupp6/internal/kademlia/kademlia.go:336.63,337.23 1 4
github.com/RasmusKebert/D7024E_Grupp6/internal/kademlia/kademlia.go:337.23,339.3 1 0
github.com/RasmusKebert/D7024E_Grupp6/internal/kademlia/kademlia.go:341.2,341.57 1 4
github.com/RasmusKebert/D7024E_Grupp6/internal/kademlia/kademlia.go:341.57,351.3 2 3
github.com/RasmusKebert/D7024E_Grupp6/internal/kademlia/kademlia.go:353.2,361.48 3 1
github.com/RasmusKebert/D7024E_Grupp6/internal/kademlia/kademlia.go:364.57,376.2 3 1001
github.com/RasmusKebert/D7024E_Grupp6/internal/kademlia/kademlia.go:378.69,382.16 3 0
github.com/RasmusKebert/D7024E_Grupp6/internal/kademlia/kademlia.go:382.16,384.3 1 0
github.com/RasmusKebert/D7024E_Grupp6/internal/kademlia/kademlia.go:386.2,395.18 3 0
github.com/RasmusKebert/D7024E_Grupp6/internal/kademlia/kademlia.go:398.41,399.48 1 0
github.com/RasmusKebert/D7024E_Grupp6/internal/kademlia/kademlia.go:399.48,401.3 1 0
github.com/RasmusKebert/D7024E_Grupp6/internal/kademlia/kademlia.go:403.2,403.33 1 0
github.com/RasmusKebert/D7024E_Grupp6/internal/kademlia/kademlia.go:406.58,407.23 1 2
github.com/RasmusKebert/D7024E_Grupp6/internal/kademlia/kademlia.go:407.23,414.3 1 0
github.com/RasmusKebert/D7024E_Grupp6/internal/kademlia/kademlia.go:416.2,416.47 1 2
github.com/RasmusKebert/D7024E_Grupp6/internal/kademlia/kademlia.go:416.47,423.3 1 1
github.com/RasmusKebert/D7024E_Grupp6/internal/kademlia/kademlia.go:424.2,424.26 1 1
github.com/RasmusKebert/D7024E_Grupp6/internal/kademlia/kademlia.go:424.26,426.3 1 1
github.com/RasmusKebert/D7024E_Grupp6/internal/kademlia/kademlia.go:428.2,437.48 3 1
github.com/RasmusKebert/D7024E_Grupp6/internal/kademlia/kademliaid.go:16.45,23.2 4 78
github.com/RasmusKebert/D7024E_Grupp6/internal/kademlia/kademliaid.go:27.40,29.32 2 2027
github.com/RasmusKebert/D7024E_Grupp6/internal/kademlia/kademliaid.go:29.32,31.3 1 64864
github.com/RasmusKebert/D7024E_Grupp6/internal/kademlia/kademliaid.go:32.2,32.23 1 2027
github.com/RasmusKebert/D7024E_Grupp6/internal/kademlia/kademliaid.go:36.42,40.2 3 6
github.com/RasmusKebert/D7024E_Grupp6/internal/kademlia/kademliaid.go:43.69,44.32 1 51
github.com/RasmusKebert/D7024E_Grupp6/internal/kademlia/kademliaid.go:44.32,45.42 1 1280
github.com/RasmusKebert/D7024E_Grupp6/internal/kademlia/kademliaid.go:45.42,47.4 1 51
github.com/RasmusKebert/D7024E_Grupp6/internal/kademlia/kademliaid.go:49.2,49.14 1 0
github.com/RasmusKebert/D7024E_Grupp6/internal/kademlia/kademliaid.go:53.71,54.32 1 230
github.com/RasmusKebert/D7024E_Grupp6/internal/kademlia/kademliaid.go:54.32,55.42 1 2482
github.com/RasmusKebert/D7024E_Grupp6/internal/kademlia/kademliaid.go:55.42,57.4 1 201
github.com/RasmusKebert/D7024E_Grupp6/internal/kademlia/kademliaid.go:59.2,59.13 1 29
github.com/RasmusKebert/D7024E_Grupp6/internal/kademlia/kademliaid.go:64.75,66.32 2 1124
github.com/RasmusKebert/D7024E_Grupp6/internal/kademlia/kademliaid.go:66.32,68.3 1 35968
github.com/RasmusKebert/D7024E_Grupp6/internal/kademlia/kademliaid.go:69.2,69.16 1 1124
github.com/RasmusKebert/D7024E_Grupp6/internal/kademlia/kademliaid.go:73.47,75.2 1 100
github.com/RasmusKebert/D7024E_Grupp6/internal/kademlia/mock_network.go:17.36,23.2 1 15
github.com/RasmusKebert/D7024E_Grupp6/internal/kademlia/mock_network.go:25.64,28.44 3 1032
github.com/RasmusKebert/D7024E_Grupp6/internal/kademlia/mock_network.go:28.44,30.3 1 0
github.com/RasmusKebert/D7024E_Grupp6/internal/kademlia/mock_network.go:31.2,33.65 3 1032
github.com/RasmusKebert/D7024E_Grupp6/internal/kademlia/mock_network.go:44.50,48.13 3 2035
github.com/RasmusKebert/D7024E_Grupp6/internal/kademlia/mock_network.go:48.13,51.3 2 1
github.com/RasmusKebert/D7024E_Grupp6/internal/kademlia/mock_network.go:53.2,53.44 1 2034
github.com/RasmusKebert/D7024E_Grupp6/internal/kademlia/mock_network.go:53.44,55.3 1 1
github.com/RasmusKebert/D7024E_Grupp6/internal/kademlia/mock_network.go:57.2,60.9 2 2033
github.com/RasmusKebert/D7024E_Grupp6/internal/kademlia/mock_network.go:61.17,63.13 2 2033
github.com/RasmusKebert/D7024E_Grupp6/internal/kademlia/mock_network.go:64.10,66.42 2 0
github.com/RasmusKebert/D7024E_Grupp6/internal/kademlia/mock_network.go:70.50,72.33 2 3060
github.com/RasmusKebert/D7024E_Grupp6/internal/kademlia/mock_network.go:72.33,75.3 2 0
github.com/RasmusKebert/D7024E_Grupp6/internal/kademlia/mock_network.go:76.2,80.9 4 3060
github.com/RasmusKebert/D7024E_Grupp6/internal/kademlia/mock_network.go:80.9,82.3 1 12
github.com/RasmusKebert/D7024E_Grupp6/internal/kademlia/mock_network.go:83.2,83.17 1 2033
github.com/RasmusKebert/D7024E_Grupp6/internal/kademlia/mock_network.go:86.40,88.14 2 12
github.com/RasmusKebert/D7024E_Grupp6/internal/kademlia/mock_network.go:88.14,91.3 2 0
github.com/RasmusKebert/D7024E_Grupp6/internal/kademlia/mock_network.go:92.2,98.21 5 12
github.com/RasmusKebert/D7024E_Grupp6/internal/kademlia/mock_network.go:98.21,102.3 3 12
github.com/RasmusKebert/D7024E_Grupp6/internal/kademlia/mock_network.go:103.2,103.12 1 12
github.com/RasmusKebert/D7024E_Grupp6/internal/kademlia/network.go:41.65,44.20 2 1004
github.com/RasmusKebert/D7024E_Grupp6/internal/kademlia/network.go:44.20,46.3 1 1
github.com/RasmusKebert/D7024E_Grupp6/internal/kademlia/network.go:48.2,55.16 3 1003
github.com/RasmusKebert/D7024E_Grupp6/internal/kademlia/network.go:55.16,57.3 1 0
github.com/RasmusKebert/D7024E_Grupp6/internal/kademlia/network.go:59.2,59.9 1 1003
github.com/RasmusKebert/D7024E_Grupp6/internal/kademlia/network.go:60.37,61.31 1 1002
github.com/RasmusKebert/D7024E_Grupp6/internal/kademlia/network.go:61.31,63.4 1 1
github.com/RasmusKebert/D7024E_Grupp6/internal/kademlia/network.go:64.37,65.38 1 1
github.com/RasmusKebert/D7024E_Grupp6/internal/kademlia/network.go:68.2,68.12 1 1001
github.com/RasmusKebert/D7024E_Grupp6/internal/kademlia/network.go:71.107,75.39 2 15
github.com/RasmusKebert/D7024E_Grupp6/internal/kademlia/network.go:75.39,77.3 1 0
github.com/RasmusKebert/D7024E_Grupp6/internal/kademlia/network.go:79.2,88.16 3 15
github.com/RasmusKebert/D7024E_Grupp6/internal/kademlia/network.go:88.16,90.3 1 1
github.com/RasmusKebert/D7024E_Grupp6/internal/kademlia/network.go:92.2,94.30 2 14
github.com/RasmusKebert/D7024E_Grupp6/internal/kademlia/network.go:94.30,96.3 1 1
github.com/RasmusKebert/D7024E_Grupp6/internal/kademlia/network.go:98.2,98.31 1 13
github.com/RasmusKebert/D7024E_Grupp6/internal/kademlia/network.go:102.116,103.37 1 4
github.com/RasmusKebert/D7024E_Grupp6/internal/kademlia/network.go:103.37,105.3 1 0
github.com/RasmusKebert/D7024E_Grupp6/internal/kademlia/network.go:107.2,117.16 4 4
github.com/RasmusKebert/D7024E_Grupp6/internal/kademlia/network.go:117.16,119.3 1 0
github.com/RasmusKebert/D7024E_Grupp6/internal/kademlia/network.go:121.2,122.30 2 4
github.com/RasmusKebert/D7024E_Grupp6/internal/kademlia/network.go:122.30,124.3 1 0
github.com/RasmusKebert/D7024E_Grupp6/internal/kademlia/network.go:125.2,125.44 1 4
github.com/RasmusKebert/D7024E_Grupp6/internal/kademlia/network.go:125.44,127.3 1 0
github.com/RasmusKebert/D7024E_Grupp6/internal/kademlia/network.go:128.2,128.20 1 4
github.com/RasmusKebert/D7024E_Grupp6/internal/kademlia/network.go:128.20,130.3 1 3
github.com/RasmusKebert/D7024E_Grupp6/internal/kademlia/network.go:131.2,131.43 1 1
github.com/RasmusKebert/D7024E_Grupp6/internal/kademlia/network.go:134.99,135.20 1 2
github.com/RasmusKebert/D7024E_Grupp6/internal/kademlia/network.go:135.20,137.3 1 0
github.com/RasmusKebert/D7024E_Grupp6/internal/kademlia/network.go:139.2,151.16 4 2
github.com/RasmusKebert/D7024E_Grupp6/internal/kademlia/network.go:151.16,153.3 1 0
github.com/RasmusKebert/D7024E_Grupp6/internal/kademlia/network.go:155.2,156.67 2 2
github.com/RasmusKebert/D7024E_Grupp6/internal/kademlia/network.go:156.67,157.65 1 1
github.com/RasmusKebert/D7024E_Grupp6/internal/kademlia/network.go:157.65,159.4 1 1
github.com/RasmusKebert/D7024E_Grupp6/internal/kademlia/network.go:160.3,160.46 1 0
github.com/RasmusKebert/D7024E_Grupp6/internal/kademlia/network.go:162.2,162.12 1 1
github.com/RasmusKebert/D7024E_Grupp6/internal/kademlia/network.go:166.58,167.12 1 1035
github.com/RasmusKebert/D7024E_Grupp6/internal/kademlia/network.go:167.12,168.7 1 1035
github.com/RasmusKebert/D7024E_Grupp6/internal/kademlia/network.go:168.7,170.18 2 3076
github.com/RasmusKebert/D7024E_Grupp6/internal/kademlia/network.go:170.18,172.5 1 20
github.com/RasmusKebert/D7024E_Grupp6/internal/kademlia/network.go:173.4,173.42 1 2041
github.com/RasmusKebert/D7024E_Grupp6/internal/kademlia/network.go:178.102,189.16 3 14
github.com/RasmusKebert/D7024E_Grupp6/internal/kademlia/network.go:189.16,191.3 1 0
github.com/RasmusKebert/D7024E_Grupp6/internal/kademlia/network.go:192.2,192.12 1 14
github.com/RasmusKebert/D7024E_Grupp6/internal/kademlia/network.go:196.74,198.16 2 1040
github.com/RasmusKebert/D7024E_Grupp6/internal/kademlia/network.go:198.16,200.3 1 0
github.com/RasmusKebert/D7024E_Grupp6/internal/kademlia/network.go:202.2,209.21 2 1040
github.com/RasmusKebert/D7024E_Grupp6/internal/kademlia/network.go:212.34,215.2 2 1027
github.com/RasmusKebert/D7024E_Grupp6/internal/kademlia/network.go:217.39,218.47 1 0
github.com/RasmusKebert/D7024E_Grupp6/internal/kademlia/network.go:218.47,220.3 1 0
github.com/RasmusKebert/D7024E_Grupp6/internal/kademlia/network.go:222.2,222.33 1 0
github.com/RasmusKebert/D7024E_Grupp6/internal/kademlia/real_network.go:13.36,17.2 1 3
github.com/RasmusKebert/D7024E_Grupp6/internal/kademlia/real_network.go:19.64,22.16 2 8
github.com/RasmusKebert/D7024E_Grupp6/internal/kademlia/real_network.go:22.16,24.3 1 0
github.com/RasmusKebert/D7024E_Grupp6/internal/kademlia/real_network.go:25.2,26.20 2 8
github.com/RasmusKebert/D7024E_Grupp6/internal/kademlia/real_network.go:26.20,28.3 1 0
github.com/RasmusKebert/D7024E_Grupp6/internal/kademlia/real_network.go:29.2,29.41 1 8
github.com/RasmusKebert/D7024E_Grupp6/internal/kademlia/real_network.go:36.50,38.16 2 10
github.com/RasmusKebert/D7024E_Grupp6/internal/kademlia/real_network.go:38.16,40.3 1 0
github.com/RasmusKebert/D7024E_Grupp6/internal/kademlia/real_network.go:42.2,52.39 2 10
github.com/RasmusKebert/D7024E_Grupp6/internal/kademlia/real_network.go:52.39,55.16 2 1
github.com/RasmusKebert/D7024E_Grupp6/internal/kademlia/real_network.go:55.16,57.4 1 1
github.com/RasmusKebert/D7024E_Grupp6/internal/kademlia/real_network.go:58.3,58.59 1 1
github.com/RasmusKebert/D7024E_Grupp6/internal/kademlia/real_network.go:59.8,61.3 1 9
github.com/RasmusKebert/D7024E_Grupp6/internal/kademlia/real_network.go:63.2,63.23 1 10
github.com/RasmusKebert/D7024E_Grupp6/internal/kademlia/real_network.go:63.23,65.3 1 4
github.com/RasmusKebert/D7024E_Grupp6/internal/kademlia/real_network.go:67.2,67.41 1 10
github.com/RasmusKebert/D7024E_Grupp6/internal/kademlia/real_network.go:67.41,73.3 2 2
github.com/RasmusKebert/D7024E_Grupp6/internal/kademlia/real_network.go:75.2,77.16 2 10
github.com/RasmusKebert/D7024E_Grupp6/internal/kademlia/real_network.go:77.16,79.3 1 0
github.com/RasmusKebert/D7024E_Grupp6/internal/kademlia/real_network.go:80.2,82.16 2 10
github.com/RasmusKebert/D7024E_Grupp6/internal/kademlia/real_network.go:86.50,93.16 4 18
github.com/RasmusKebert/D7024E_Grupp6/internal/kademlia/real_network.go:93.16,95.3 1 8
github.com/RasmusKebert/D7024E_Grupp6/internal/kademlia/real_network.go:97.2,99.16 2 10
github.com/RasmusKebert/D7024E_Grupp6/internal/kademlia/real_network.go:99.16,101.3 1 0
github.com/RasmusKebert/D7024E_Grupp6/internal/kademlia/real_network.go:103.2,114.69 2 10
github.com/RasmusKebert/D7024E_Grupp6/internal/kademlia/real_network.go:114.69,117.3 2 1
github.com/RasmusKebert/D7024E_Grupp6/internal/kademlia/real_network.go:119.2,119.30 1 10
github.com/RasmusKebert/D7024E_Grupp6/internal/kademlia/real_network.go:119.30,121.3 1 4
github.com/RasmusKebert/D7024E_Grupp6/internal/kademlia/real_network.go:123.2,123.51 1 10
github.com/RasmusKebert/D7024E_Grupp6/internal/kademlia/real_network.go:123.51,130.3 3 2
github.com/RasmusKebert/D7024E_Grupp6/internal/kademlia/real_network.go:132.2,132.21 1 10
github.com/RasmusKebert/D7024E_Grupp6/internal/kademlia/real_network.go:136.40,138.2 1 8
github.com/RasmusKebert/D7024E_Grupp6/internal/kademlia/routingtable.go:14.48,16.34 2 1041
github.com/RasmusKebert/D7024E_Grupp6/internal/kademlia/routingtable.go:16.34,18.3 1 266496
github.com/RasmusKebert/D7024E_Grupp6/internal/kademlia/routingtable.go:19.2,20.21 2 1041
github.com/RasmusKebert/D7024E_Grupp6/internal/kademlia/routingtable.go:24.63,28.2 3 1044
github.com/RasmusKebert/D7024E_Grupp6/internal/kademlia/routingtable.go:31.96,38.98 5 21
github.com/RasmusKebert/D7024E_Grupp6/internal/kademlia/routingtable.go:38.98,39.25 1 5076
github.com/RasmusKebert/D7024E_Grupp6/internal/kademlia/routingtable.go:39.25,42.4 2 4311
github.com/RasmusKebert/D7024E_Grupp6/internal/kademlia/routingtable.go:43.3,43.33 1 5076
github.com/RasmusKebert/D7024E_Grupp6/internal/kademlia/routingtable.go:43.33,46.4 2 789
github.com/RasmusKebert/D7024E_Grupp6/internal/kademlia/routingtable.go:49.2,51.30 2 21
github.com/RasmusKebert/D7024E_Grupp6/internal/kademlia/routingtable.go:51.30,53.3 1 20
github.com/RasmusKebert/D7024E_Grupp6/internal/kademlia/routingtable.go:55.2,55.38 1 21
github.com/RasmusKebert/D7024E_Grupp6/internal/kademlia/routingtable.go:59.70,61.32 2 1065
github.com/RasmusKebert/D7024E_Grupp6/internal/kademlia/routingtable.go:61.32,62.26 1 2746
github.com/RasmusKebert/D7024E_Grupp6/internal/kademlia/routingtable.go:62.26,63.42 1 15740
github.com/RasmusKebert/D7024E_Grupp6/internal/kademlia/routingtable.go:63.42,65.5 1 1061
github.com/RasmusKebert/D7024E_Grupp6/internal/kademlia/routingtable.go:69.2,69.23 1 4
github.com/RasmusKebert/D7024E_Grupp6/internal/kademlia/routingtable.go:73.62,76.46 2 0
github.com/RasmusKebert/D7024E_Grupp6/internal/kademlia/routingtable.go:76.46,77.80 1 0
github.com/RasmusKebert/D7024E_Grupp6/internal/kademlia/routingtable.go:77.80,79.4 1 0
github.com/RasmusKebert/D7024E_Grupp6/internal/kademlia/routingtable.go:82.2,82.17 1 0
